COMMNADS:
=========
1.docker login 
2.docker push vinod501/template-image
3.docker tag vinod501/template-image vinod501/web-serverimage2022:v1
4.docker push vinod501/web-serverimage2022:v1
5.docker pull vinod501/web-serverimage2022:v1
6.docker run -d --name google-cont -p 9191:80 vinod501/web-serverimage2022:v1

================================== LOGIN TO DOCKERHUB =================================

FROM CLI(VM where install docker) execute 

1. Login to DOCKERHUB

=>docker login 

ubuntu@ip-172-31-93-221:~$ docker login
Login with your Docker ID to push and pull images from Docker Hub. If you don't have a Docker ID, head over to https://hub.docker.com to create one.
Username: vinod501
Password: *********
WARNING! Your password will be stored unencrypted in /home/ubuntu/.docker/config.json.
Configure a credential helper to remove this warning. See
https://docs.docker.com/engine/reference/commandline/login/#credentials-store

Login Succeeded

2. PUSH IMAGE

=>docker push vinod501/template-image

Note:
build name of image should be like

vinod501/template-image
(repo name)/imagename


ubuntu@ip-172-31-93-221:~$ docker push vinod501/template-image
Using default tag: latest
The push refers to repository [docker.io/vinod501/template-image]
e64d04cc8dc8: Pushed
80909a6a03a6: Pushed
a790f937a6ae: Mounted from library/ubuntu
latest: digest: sha256:1dda4cf46d5bb86e4efbb1a668e385010ef00011c66770b8a423034d3c2ec6f8 size: 952


how to rename the image 

https://www.janbasktraining.com/community/devops/how-to-rename-docker-images-without-rebuilding-it#:~:text=You%20can%20rename%20your%20docker,given%20command%20to%20do%20that.&text=To%20rename%20docker%20container%2C%20use,to%20a%20new%20name%20disc_app.
===========================================

docker tag OldName:tag NewName:tag

docker tag vinod501/template-image vinod501/web-serverimage2022

docker push vinod501/web-serverimage2022

ubuntu@ip-172-31-93-221:~/docker-vnd/2113_earth$ docker tag vinod501/template-image vinod501/web-serverimage2022

ubuntu@ip-172-31-93-221:~/docker-vnd/2113_earth$ docker images
REPOSITORY                                                   TAG       IMAGE ID       CREATED             SIZE
vinod501/template-image                                      latest    60c6422e2f2a   About an hour ago   251MB
vinod501/web-serverimage2022                                 latest    60c6422e2f2a   About an hour ago   251MB

Tag version and push to docker hub and check docker image pushed or not (https://hub.docker.com/repositorie)
======================================================================
ubuntu@ip-172-31-93-221:~/docker-vnd/2113_earth$ docker build -t vinod501/web-serverimage2022:v1 .

docker push vinod501/web-serverimage2022:v1


========================== PULL IMAGE LOCALLY ============================

docker pull vinod501/web-serverimage2022:v1

ubuntu@ip-172-31-93-221:~/docker-vnd/2113_earth$ docker pull vinod501/web-serverimage2022:v1

v1: Pulling from vinod501/web-serverimage2022
405f018f9d1d: Already exists
8be042f58134: Pull complete
f89390857787: Pull complete
Digest: sha256:945ddbe8bb9a6552a952872ab737b8dca075a77a959c951eb59a9f72e92b6df1
Status: Downloaded newer image for vinod501/web-serverimage2022:v1
docker.io/vinod501/web-serverimage2022:v1


ubuntu@ip-172-31-93-221:~/docker-vnd/2113_earth$ docker images
REPOSITORY                                                   TAG       IMAGE ID       CREATED             SIZE
vinod501/web-serverimage2022                                 v1        be5e48eecef0   4 minutes ago       251MB

===============================Remove all images and container and check docker run ====================================

it will check on local ,if not found it will check it on remote(Dockerhub)


=>docker run -d --name google-cont -p 9191:80 vinod501/web-serverimage2022:v1


ubuntu@ip-172-31-93-221:~/docker-vnd/2113_earth$ docker run -d --name google-cont -p 9191:80 vinod501/web-serverimage2022:v1
Unable to find image 'vinod501/web-serverimage2022:v1' locally
v1: Pulling from vinod501/web-serverimage2022
405f018f9d1d: Already exists
8be042f58134: Pull complete
f89390857787: Pull complete
Digest: sha256:945ddbe8bb9a6552a952872ab737b8dca075a77a959c951eb59a9f72e92b6df1
Status: Downloaded newer image for vinod501/web-serverimage2022:v1
9f6daac83284ac52c18f9981f45deeb3d71f7c564899bf14dda1c7548daf228f




